src/App.tsx(20,27): error TS2322: Type '{ children: Element; mode: string; }' is not assignable to type 'IntrinsicAttributes & SignInButtonProps'.
  Property 'mode' does not exist on type 'IntrinsicAttributes & SignInButtonProps'.
src/App.tsx(25,27): error TS2322: Type '{ children: Element; mode: string; }' is not assignable to type 'IntrinsicAttributes & SignUpButtonProps'.
  Property 'mode' does not exist on type 'IntrinsicAttributes & SignUpButtonProps'.
src/App.tsx(54,31): error TS2322: Type '{ children: Element; mode: string; }' is not assignable to type 'IntrinsicAttributes & SignUpButtonProps'.
  Property 'mode' does not exist on type 'IntrinsicAttributes & SignUpButtonProps'.
src/components/Chat.tsx(4,16): error TS6133: 'Circle' is declared but its value is never read.
src/components/Chat.tsx(51,26): error TS2503: Cannot find namespace 'NodeJS'.
